this is the request :
GET / HTTP/1.1
Host: 127.0.0.1:8080
User-Agent: Go-http-client/1.1
Accept-Encoding: gzip


200
this is the request :
POST / HTTP/1.1
Host: 127.0.0.1:8080
User-Agent: Go-http-client/1.1
Transfer-Encoding: chunked
Content-Type: test/file
Accept-Encoding: gzip

0
405
this is the request :
HEAD / HTTP/1.1
Host: 127.0.0.1:8080
User-Agent: Go-http-client/1.1


405
this is the request :
GET /directory HTTP/1.1
Host: 127.0.0.1:8080
User-Agent: Go-http-client/1.1
Accept-Encoding: gzip


301
this is the request :
GET /directory/ HTTP/1.1
Host: 127.0.0.1:8080
User-Agent: Go-http-client/1.1
Referer: http://127.0.0.1:8080/directory
Accept-Encoding: gzip


200
this is the request :
GET /directory/youpi.bad_extension HTTP/1.1
Host: 127.0.0.1:8080
User-Agent: Go-http-client/1.1
Accept-Encoding: gzip


200
this is the request :
GET /directory/youpi.bla HTTP/1.1
Host: 127.0.0.1:8080
User-Agent: Go-http-client/1.1
Accept-Encoding: gzip


CGI handler: ./cgi_tester
CGI script: ./YoupiBanane/youpi.bla
200
this is the request :
GET /directory/oulalala HTTP/1.1
Host: 127.0.0.1:8080
User-Agent: Go-http-client/1.1
Accept-Encoding: gzip


404
this is the request :
GET /directory/nop HTTP/1.1
Host: 127.0.0.1:8080
User-Agent: Go-http-client/1.1
Accept-Encoding: gzip


200
this is the request :
GET /directory/nop/ HTTP/1.1
Host: 127.0.0.1:8080
User-Agent: Go-http-client/1.1
Accept-Encoding: gzip


200
this is the request :
GET /directory/nop/other.pouic HTTP/1.1
Host: 127.0.0.1:8080
User-Agent: Go-http-client/1.1
Accept-Encoding: gzip


200
this is the request :
GET /directory/nop/other.pouac HTTP/1.1
Host: 127.0.0.1:8080
User-Agent: Go-http-client/1.1
Accept-Encoding: gzip


404
this is the request :
GET /directory/Yeah HTTP/1.1
Host: 127.0.0.1:8080
User-Agent: Go-http-client/1.1
Accept-Encoding: gzip


404
this is the request :
GET /directory/Yeah/not_happy.bad_extension HTTP/1.1
Host: 127.0.0.1:8080
User-Agent: Go-http-client/1.1
Accept-Encoding: gzip


200
this is the request :
POST /directory/youpi.bla HTTP/1.1
Host: 127.0.0.1:8080
User-Agent: Go-http-client/1.1
Transfer-Encoding: chunked
Content-Type: test/file
Accept-Encoding: gzip


CGI handler: ./cgi_tester
CGI script: ./YoupiBanane/youpi.bla
200
this is the request :
POST /directory/youpi.bla HTTP/1.1
Host: 127.0.0.1:8080
User-Agent: curl/8.21.0
Accept: */*
Content-Length: 5
Content-Type: application/x-www-form-urlencoded

hello
CGI handler: ./cgi_tester
CGI script: ./YoupiBanane/youpi.bla
200
